2025-12-01 15:39:39.925 | INFO     | src.auto_sampling:optimize_sampling:171 - 第1次采样，分配到区域0，位置(0, 0)
2025-12-01 15:39:39.925 | INFO     | src.auto_sampling:optimize_sampling:171 - 第1次采样，分配到区域2，位置(0, 4)
2025-12-01 15:39:39.925 | INFO     | src.auto_sampling:optimize_sampling:171 - 第1次采样，分配到区域1，位置(2, 3)
2025-12-01 15:39:39.926 | INFO     | src.auto_sampling:optimize_sampling:171 - 第2次采样，分配到区域2，位置(1, 5)
2025-12-01 15:39:39.926 | INFO     | src.auto_sampling:optimize_sampling:171 - 第2次采样，分配到区域0，位置(2, 1)
2025-12-01 15:39:39.926 | INFO     | src.auto_sampling:optimize_sampling:171 - 第2次采样，分配到区域1，位置(1, 2)
2025-12-01 15:39:39.927 | INFO     | src.auto_sampling:optimize_sampling:171 - 第1次采样，分配到区域1，位置(0, 2)
2025-12-01 15:39:39.927 | INFO     | src.auto_sampling:optimize_sampling:171 - 第1次采样，分配到区域0，位置(0, 0)
2025-12-01 15:39:39.927 | INFO     | src.auto_sampling:optimize_sampling:171 - 第1次采样，分配到区域2，位置(1, 5)
2025-12-01 15:39:39.927 | INFO     | src.auto_sampling:optimize_sampling:171 - 第2次采样，分配到区域1，位置(2, 2)
2025-12-01 15:39:39.927 | INFO     | src.auto_sampling:optimize_sampling:171 - 第2次采样，分配到区域2，位置(0, 4)
2025-12-01 15:39:39.927 | INFO     | src.auto_sampling:optimize_sampling:171 - 第2次采样，分配到区域0，位置(2, 0)
2025-12-01 15:39:39.927 | INFO     | src.auto_sampling:optimize_sampling:171 - 第3次采样，分配到区域2，位置(2, 4)
2025-12-01 15:39:39.928 | INFO     | src.auto_sampling:optimize_sampling:171 - 第3次采样，分配到区域1，位置(1, 3)
2025-12-01 15:39:39.928 | INFO     | src.auto_sampling:optimize_sampling:171 - 第3次采样，分配到区域0，位置(1, 1)
2025-12-01 15:39:39.928 | INFO     | src.auto_sampling:optimize_sampling:171 - 第4次采样，分配到区域1，位置(1, 2)
2025-12-01 15:39:39.928 | INFO     | src.auto_sampling:optimize_sampling:171 - 第4次采样，分配到区域2，位置(1, 4)
2025-12-01 15:39:39.928 | INFO     | src.auto_sampling:optimize_sampling:171 - 第4次采样，分配到区域0，位置(2, 1)
2025-12-01 15:39:39.928 | INFO     | src.auto_sampling:optimize_sampling:171 - 第5次采样，分配到区域2，位置(0, 5)
2025-12-01 15:39:39.928 | INFO     | src.auto_sampling:optimize_sampling:171 - 第5次采样，分配到区域1，位置(2, 3)
2025-12-01 15:39:39.928 | INFO     | src.auto_sampling:optimize_sampling:171 - 第5次采样，分配到区域0，位置(1, 0)
2025-12-01 15:39:39.928 | INFO     | src.auto_sampling:optimize_sampling:171 - 第6次采样，分配到区域0，位置(0, 1)
2025-12-01 15:39:39.929 | INFO     | src.auto_sampling:optimize_sampling:171 - 第6次采样，分配到区域2，位置(2, 5)
2025-12-01 15:39:39.929 | INFO     | src.auto_sampling:optimize_sampling:171 - 第6次采样，分配到区域1，位置(0, 3)
2025-12-01 15:39:41.715 | ERROR    | main:_:255 - 'list' object has no attribute 'tolist'
2025-12-01 15:40:35.054 | INFO     | src.auto_sampling:optimize_sampling:171 - 第1次采样，分配到区域1，位置(1, 2)
2025-12-01 15:40:35.055 | INFO     | src.auto_sampling:optimize_sampling:171 - 第1次采样，分配到区域2，位置(2, 5)
2025-12-01 15:40:35.055 | INFO     | src.auto_sampling:optimize_sampling:171 - 第1次采样，分配到区域0，位置(2, 1)
2025-12-01 15:40:35.055 | INFO     | src.auto_sampling:optimize_sampling:171 - 第2次采样，分配到区域2，位置(1, 4)
2025-12-01 15:40:35.055 | INFO     | src.auto_sampling:optimize_sampling:171 - 第2次采样，分配到区域0，位置(1, 0)
2025-12-01 15:40:35.055 | INFO     | src.auto_sampling:optimize_sampling:171 - 第2次采样，分配到区域1，位置(2, 3)
2025-12-01 15:40:35.056 | INFO     | src.auto_sampling:optimize_sampling:171 - 第3次采样，分配到区域2，位置(0, 5)
2025-12-01 15:40:35.056 | INFO     | src.auto_sampling:optimize_sampling:171 - 第3次采样，分配到区域1，位置(0, 3)
2025-12-01 15:40:35.056 | INFO     | src.auto_sampling:optimize_sampling:171 - 第3次采样，分配到区域0，位置(0, 1)
2025-12-01 15:40:35.056 | INFO     | src.auto_sampling:optimize_sampling:171 - 第4次采样，分配到区域0，位置(2, 0)
2025-12-01 15:40:35.056 | INFO     | src.auto_sampling:optimize_sampling:171 - 第4次采样，分配到区域2，位置(1, 5)
2025-12-01 15:40:35.056 | INFO     | src.auto_sampling:optimize_sampling:171 - 第4次采样，分配到区域1，位置(0, 2)
2025-12-01 15:40:35.056 | INFO     | src.auto_sampling:optimize_sampling:171 - 第5次采样，分配到区域0，位置(1, 1)
2025-12-01 15:40:35.057 | INFO     | src.auto_sampling:optimize_sampling:171 - 第5次采样，分配到区域2，位置(0, 4)
2025-12-01 15:40:35.057 | INFO     | src.auto_sampling:optimize_sampling:171 - 第5次采样，分配到区域1，位置(1, 3)
2025-12-01 15:40:35.057 | INFO     | src.auto_sampling:optimize_sampling:171 - 第6次采样，分配到区域2，位置(2, 4)
2025-12-01 15:40:35.057 | INFO     | src.auto_sampling:optimize_sampling:171 - 第6次采样，分配到区域0，位置(0, 0)
2025-12-01 15:40:35.057 | INFO     | src.auto_sampling:optimize_sampling:171 - 第6次采样，分配到区域1，位置(2, 2)
2025-12-01 15:46:17.920 | INFO     | src.auto_sampling:optimize_sampling:171 - 第1次采样，分配到区域2，位置(1, 5)
2025-12-01 15:46:17.920 | INFO     | src.auto_sampling:optimize_sampling:171 - 第1次采样，分配到区域1，位置(2, 2)
2025-12-01 15:46:17.920 | INFO     | src.auto_sampling:optimize_sampling:171 - 第1次采样，分配到区域0，位置(2, 0)
2025-12-01 15:46:17.920 | INFO     | src.auto_sampling:optimize_sampling:171 - 第2次采样，分配到区域2，位置(0, 4)
2025-12-01 15:46:17.920 | INFO     | src.auto_sampling:optimize_sampling:171 - 第2次采样，分配到区域1，位置(0, 2)
2025-12-01 15:46:17.920 | INFO     | src.auto_sampling:optimize_sampling:171 - 第2次采样，分配到区域0，位置(0, 0)
2025-12-01 15:46:17.921 | INFO     | src.auto_sampling:optimize_sampling:171 - 第3次采样，分配到区域2，位置(2, 4)
2025-12-01 15:46:17.921 | INFO     | src.auto_sampling:optimize_sampling:171 - 第3次采样，分配到区域1，位置(1, 3)
2025-12-01 15:46:17.921 | INFO     | src.auto_sampling:optimize_sampling:171 - 第3次采样，分配到区域0，位置(1, 1)
2025-12-01 15:46:17.921 | INFO     | src.auto_sampling:optimize_sampling:171 - 第4次采样，分配到区域2，位置(2, 5)
2025-12-01 15:46:17.921 | INFO     | src.auto_sampling:optimize_sampling:171 - 第4次采样，分配到区域0，位置(0, 1)
2025-12-01 15:46:17.921 | INFO     | src.auto_sampling:optimize_sampling:171 - 第4次采样，分配到区域1，位置(1, 2)
2025-12-01 15:46:17.921 | INFO     | src.auto_sampling:optimize_sampling:171 - 第5次采样，分配到区域2，位置(0, 5)
2025-12-01 15:46:17.921 | INFO     | src.auto_sampling:optimize_sampling:171 - 第5次采样，分配到区域1，位置(0, 3)
2025-12-01 15:46:17.923 | INFO     | src.auto_sampling:optimize_sampling:171 - 第5次采样，分配到区域0，位置(1, 0)
2025-12-01 15:46:17.924 | INFO     | src.auto_sampling:optimize_sampling:171 - 第6次采样，分配到区域0，位置(2, 1)
2025-12-01 15:46:17.924 | INFO     | src.auto_sampling:optimize_sampling:171 - 第6次采样，分配到区域2，位置(1, 4)
2025-12-01 15:46:17.925 | INFO     | src.auto_sampling:optimize_sampling:171 - 第6次采样，分配到区域1，位置(2, 3)
2025-12-01 15:48:37.285 | INFO     | src.auto_sampling:optimize_sampling:159 - 拉筋区域：[[2000, 100, 2200, 5400], [8000, 100, 8200, 5400]]
2025-12-01 15:48:37.285 | INFO     | src.auto_sampling:optimize_sampling:172 - 第1次采样，分配到区域1，位置(1, 2)
2025-12-01 15:48:37.286 | INFO     | src.auto_sampling:optimize_sampling:172 - 第1次采样，分配到区域2，位置(1, 5)
2025-12-01 15:48:37.286 | INFO     | src.auto_sampling:optimize_sampling:172 - 第1次采样，分配到区域0，位置(2, 0)
2025-12-01 15:48:37.286 | INFO     | src.auto_sampling:optimize_sampling:172 - 第2次采样，分配到区域0，位置(0, 1)
2025-12-01 15:48:37.286 | INFO     | src.auto_sampling:optimize_sampling:172 - 第2次采样，分配到区域1，位置(2, 3)
2025-12-01 15:48:37.286 | INFO     | src.auto_sampling:optimize_sampling:172 - 第2次采样，分配到区域2，位置(0, 4)
2025-12-01 15:48:37.287 | INFO     | src.auto_sampling:optimize_sampling:159 - 拉筋区域：[[2000, 100, 2200, 5400], [8000, 100, 8200, 5400]]
2025-12-01 15:48:37.288 | INFO     | src.auto_sampling:optimize_sampling:172 - 第1次采样，分配到区域1，位置(0, 2)
2025-12-01 15:48:37.288 | INFO     | src.auto_sampling:optimize_sampling:172 - 第1次采样，分配到区域2，位置(1, 4)
2025-12-01 15:48:37.288 | INFO     | src.auto_sampling:optimize_sampling:172 - 第1次采样，分配到区域0，位置(0, 0)
2025-12-01 15:48:37.288 | INFO     | src.auto_sampling:optimize_sampling:172 - 第2次采样，分配到区域0，位置(2, 1)
2025-12-01 15:48:37.288 | INFO     | src.auto_sampling:optimize_sampling:172 - 第2次采样，分配到区域2，位置(0, 5)
2025-12-01 15:48:37.288 | INFO     | src.auto_sampling:optimize_sampling:172 - 第2次采样，分配到区域1，位置(2, 3)
2025-12-01 15:48:37.288 | INFO     | src.auto_sampling:optimize_sampling:172 - 第3次采样，分配到区域2，位置(2, 5)
2025-12-01 15:48:37.289 | INFO     | src.auto_sampling:optimize_sampling:159 - 拉筋区域：[[2000, 100, 2200, 5400], [8000, 100, 8200, 5400]]
2025-12-01 15:48:37.289 | INFO     | src.auto_sampling:optimize_sampling:172 - 第1次采样，分配到区域0，位置(0, 1)
2025-12-01 15:48:37.289 | INFO     | src.auto_sampling:optimize_sampling:172 - 第1次采样，分配到区域1，位置(0, 3)
2025-12-01 15:48:37.289 | INFO     | src.auto_sampling:optimize_sampling:172 - 第1次采样，分配到区域2，位置(1, 5)
2025-12-01 15:48:37.289 | INFO     | src.auto_sampling:optimize_sampling:172 - 第2次采样，分配到区域1，位置(2, 3)
2025-12-01 15:48:37.289 | INFO     | src.auto_sampling:optimize_sampling:172 - 第2次采样，分配到区域0，位置(1, 0)
2025-12-01 15:48:37.289 | INFO     | src.auto_sampling:optimize_sampling:159 - 拉筋区域：[[2000, 100, 2200, 5400], [8000, 100, 8200, 5400]]
2025-12-01 15:48:37.289 | INFO     | src.auto_sampling:optimize_sampling:172 - 第1次采样，分配到区域1，位置(2, 3)
2025-12-01 15:48:37.302 | INFO     | src.auto_sampling:optimize_sampling:172 - 第1次采样，分配到区域0，位置(1, 0)
2025-12-01 15:48:37.302 | INFO     | src.auto_sampling:optimize_sampling:172 - 第1次采样，分配到区域2，位置(0, 5)
2025-12-01 15:48:37.302 | INFO     | src.auto_sampling:optimize_sampling:172 - 第2次采样，分配到区域1，位置(0, 2)
2025-12-01 15:48:37.302 | INFO     | src.auto_sampling:optimize_sampling:172 - 第2次采样，分配到区域0，位置(2, 1)
2025-12-01 15:48:37.302 | INFO     | src.auto_sampling:optimize_sampling:172 - 第2次采样，分配到区域2，位置(1, 4)
2025-12-01 15:48:37.303 | INFO     | src.auto_sampling:optimize_sampling:159 - 拉筋区域：[[2000, 100, 2200, 5400], [8000, 100, 8200, 5400]]
2025-12-01 15:48:37.303 | INFO     | src.auto_sampling:optimize_sampling:172 - 第1次采样，分配到区域2，位置(1, 5)
2025-12-01 15:48:37.303 | INFO     | src.auto_sampling:optimize_sampling:172 - 第1次采样，分配到区域0，位置(1, 1)
2025-12-01 15:48:37.303 | INFO     | src.auto_sampling:optimize_sampling:172 - 第1次采样，分配到区域1，位置(2, 2)
2025-12-01 15:48:37.303 | INFO     | src.auto_sampling:optimize_sampling:172 - 第2次采样，分配到区域0，位置(2, 0)
2025-12-01 15:48:37.303 | INFO     | src.auto_sampling:optimize_sampling:172 - 第2次采样，分配到区域1，位置(0, 3)
2025-12-01 15:48:37.303 | INFO     | src.auto_sampling:optimize_sampling:172 - 第2次采样，分配到区域2，位置(2, 4)
2025-12-01 15:48:37.304 | INFO     | src.auto_sampling:optimize_sampling:172 - 第3次采样，分配到区域0，位置(0, 0)
2025-12-01 15:48:37.304 | INFO     | src.auto_sampling:optimize_sampling:159 - 拉筋区域：[[2000, 100, 2200, 5400], [8000, 100, 8200, 5400]]
2025-12-01 15:48:37.304 | INFO     | src.auto_sampling:optimize_sampling:172 - 第1次采样，分配到区域1，位置(0, 2)
2025-12-01 15:48:37.304 | INFO     | src.auto_sampling:optimize_sampling:172 - 第1次采样，分配到区域0，位置(0, 0)
2025-12-01 15:48:37.304 | INFO     | src.auto_sampling:optimize_sampling:172 - 第1次采样，分配到区域2，位置(2, 5)
2025-12-01 15:48:37.304 | INFO     | src.auto_sampling:optimize_sampling:172 - 第2次采样，分配到区域1，位置(2, 2)
2025-12-01 15:48:37.304 | INFO     | src.auto_sampling:optimize_sampling:172 - 第2次采样，分配到区域2，位置(1, 4)
2025-12-01 15:48:37.305 | INFO     | src.auto_sampling:optimize_sampling:172 - 第2次采样，分配到区域0，位置(2, 0)
2025-12-01 15:48:37.305 | INFO     | src.auto_sampling:optimize_sampling:172 - 第3次采样，分配到区域0，位置(1, 1)
2025-12-01 15:48:37.305 | INFO     | src.auto_sampling:optimize_sampling:172 - 第3次采样，分配到区域2，位置(0, 5)
2025-12-01 15:48:37.305 | INFO     | src.auto_sampling:optimize_sampling:159 - 拉筋区域：[[2000, 100, 2200, 5400], [8000, 100, 8200, 5400]]
2025-12-01 15:48:37.309 | INFO     | src.auto_sampling:optimize_sampling:172 - 第1次采样，分配到区域1，位置(2, 3)
2025-12-01 15:48:37.309 | INFO     | src.auto_sampling:optimize_sampling:172 - 第1次采样，分配到区域0，位置(0, 1)
2025-12-01 15:48:37.309 | INFO     | src.auto_sampling:optimize_sampling:172 - 第1次采样，分配到区域2，位置(2, 5)
2025-12-01 15:48:37.310 | INFO     | src.auto_sampling:optimize_sampling:172 - 第2次采样，分配到区域2，位置(0, 5)
2025-12-01 15:48:37.310 | INFO     | src.auto_sampling:optimize_sampling:172 - 第2次采样，分配到区域1，位置(1, 2)
2025-12-01 15:48:37.310 | INFO     | src.auto_sampling:optimize_sampling:172 - 第2次采样，分配到区域0，位置(1, 0)
2025-12-01 15:48:37.310 | INFO     | src.auto_sampling:optimize_sampling:172 - 第3次采样，分配到区域2，位置(1, 4)
2025-12-01 15:48:37.310 | INFO     | src.auto_sampling:optimize_sampling:172 - 第3次采样，分配到区域1，位置(0, 3)
2025-12-01 15:48:37.310 | INFO     | src.auto_sampling:optimize_sampling:172 - 第3次采样，分配到区域0，位置(2, 1)
2025-12-01 15:48:37.310 | INFO     | src.auto_sampling:optimize_sampling:172 - 第4次采样，分配到区域0，位置(2, 0)
2025-12-01 15:48:37.310 | INFO     | src.auto_sampling:optimize_sampling:172 - 第4次采样，分配到区域2，位置(1, 5)
2025-12-01 15:48:37.311 | INFO     | src.auto_sampling:optimize_sampling:172 - 第4次采样，分配到区域1，位置(0, 2)
2025-12-01 15:48:37.311 | INFO     | src.auto_sampling:optimize_sampling:172 - 第5次采样，分配到区域2，位置(0, 4)
2025-12-01 15:48:37.311 | INFO     | src.auto_sampling:optimize_sampling:172 - 第5次采样，分配到区域0，位置(0, 0)
2025-12-01 15:48:37.311 | INFO     | src.auto_sampling:optimize_sampling:172 - 第5次采样，分配到区域1，位置(2, 2)
2025-12-01 15:48:37.311 | INFO     | src.auto_sampling:optimize_sampling:172 - 第6次采样，分配到区域0，位置(1, 1)
2025-12-01 15:48:37.311 | INFO     | src.auto_sampling:optimize_sampling:172 - 第6次采样，分配到区域2，位置(2, 4)
2025-12-01 15:48:37.311 | INFO     | src.auto_sampling:optimize_sampling:172 - 第6次采样，分配到区域1，位置(1, 3)
2025-12-01 15:52:18.241 | INFO     | src.auto_sampling:get_automatic_sampling_points:458 - 汽车长度：11000
2025-12-01 15:52:18.242 | INFO     | src.auto_sampling:get_automatic_sampling_points:459 - 汽车宽度：5500
2025-12-01 15:52:18.242 | INFO     | src.auto_sampling:get_automatic_sampling_points:460 - 拉筋区域：[[2000, 100, 2200, 5400], [8000, 100, 8200, 5400]]
2025-12-01 15:52:18.242 | INFO     | src.auto_sampling:get_automatic_sampling_points:461 - 允许区域：[100, 100, 10900, 5400]
2025-12-01 15:52:18.242 | INFO     | src.auto_sampling:optimize_sampling:170 - 第1次采样，分配到区域0，位置(1, 1)
2025-12-01 15:52:18.242 | INFO     | src.auto_sampling:optimize_sampling:170 - 第1次采样，分配到区域2，位置(1, 5)
2025-12-01 15:52:18.242 | INFO     | src.auto_sampling:optimize_sampling:170 - 第1次采样，分配到区域1，位置(1, 3)
2025-12-01 15:52:18.243 | INFO     | src.auto_sampling:optimize_sampling:170 - 第2次采样，分配到区域0，位置(0, 0)
2025-12-01 15:52:18.245 | INFO     | src.auto_sampling:optimize_sampling:170 - 第2次采样，分配到区域1，位置(2, 2)
2025-12-01 15:52:18.245 | INFO     | src.auto_sampling:optimize_sampling:170 - 第2次采样，分配到区域2，位置(2, 4)
2025-12-01 15:52:18.245 | INFO     | src.auto_sampling:optimize_sampling:170 - 第3次采样，分配到区域1，位置(0, 2)
2025-12-01 15:52:18.245 | INFO     | src.auto_sampling:optimize_sampling:170 - 第3次采样，分配到区域0，位置(2, 0)
2025-12-01 15:52:18.246 | INFO     | src.auto_sampling:optimize_sampling:170 - 第3次采样，分配到区域2，位置(0, 4)
2025-12-01 15:52:18.246 | INFO     | src.auto_sampling:optimize_sampling:170 - 第4次采样，分配到区域1，位置(2, 3)
2025-12-01 15:52:18.246 | INFO     | src.auto_sampling:optimize_sampling:170 - 第4次采样，分配到区域2，位置(0, 5)
2025-12-01 15:52:18.246 | INFO     | src.auto_sampling:optimize_sampling:170 - 第4次采样，分配到区域0，位置(2, 1)
2025-12-01 15:52:18.246 | INFO     | src.auto_sampling:optimize_sampling:170 - 第5次采样，分配到区域1，位置(0, 3)
2025-12-01 15:52:18.246 | INFO     | src.auto_sampling:optimize_sampling:170 - 第5次采样，分配到区域0，位置(1, 0)
2025-12-01 15:52:18.246 | INFO     | src.auto_sampling:optimize_sampling:170 - 第5次采样，分配到区域2，位置(1, 4)
2025-12-01 15:52:18.247 | INFO     | src.auto_sampling:optimize_sampling:170 - 第6次采样，分配到区域1，位置(1, 2)
2025-12-01 15:52:18.248 | INFO     | src.auto_sampling:optimize_sampling:170 - 第6次采样，分配到区域2，位置(2, 5)
2025-12-01 15:52:18.249 | INFO     | src.auto_sampling:optimize_sampling:170 - 第6次采样，分配到区域0，位置(0, 1)
